// Jest Snapshot v1, https://goo.gl/fbAQLP

exports[`<ReserveForm /> with initial reserve info renders correctly 1`] = `
<Fragment>
  <div
    className="mh2"
  >
    <TextField
      InputLabelProps={
        Object {
          "shrink": true,
        }
      }
      className="input-name"
      error={false}
      fullWidth={true}
      id="name"
      label="이름"
      margin="normal"
      onChange={[Function]}
      required={true}
      select={false}
      value=""
      variant="standard"
    />
    <WithStyles(FormControl)
      fullWidth={true}
      margin="normal"
    >
      <WithStyles(InputLabel)
        htmlFor="formatted-text-mask-input"
      >
        연락처 *
      </WithStyles(InputLabel)>
      <WithStyles(Input)
        className="input-contact"
        error={false}
        id="contact"
        inputComponent={[Function]}
        onChange={[Function]}
        placeholder="(054)-745-0999"
        required={true}
        value="(0  )    -    "
      />
    </WithStyles(FormControl)>
    <TextField
      InputLabelProps={
        Object {
          "shrink": true,
        }
      }
      className="input-number"
      error={false}
      fullWidth={true}
      id="number"
      label="인원수"
      margin="normal"
      onChange={[Function]}
      required={true}
      select={false}
      type="number"
      value=""
      variant="standard"
    />
    <TextField
      InputLabelProps={
        Object {
          "shrink": true,
        }
      }
      className="input-place"
      error={false}
      fullWidth={true}
      helperText="경주시 내 전지역 배달 가능합니다."
      id="place"
      label="장소"
      margin="normal"
      multiline={true}
      onChange={[Function]}
      required={true}
      select={false}
      value=""
      variant="standard"
    />
    <TextField
      className="input-date"
      defaultValue="1970-01-04"
      error={false}
      fullWidth={true}
      helperText="최소 3일 전일 경우에만 예약 진행 가능합니다."
      id="date"
      label="날짜"
      margin="normal"
      onChange={[Function]}
      required={true}
      select={false}
      type="date"
      variant="standard"
    />
    <TextField
      className="input-time"
      defaultValue="12:30"
      error={false}
      fullWidth={true}
      helperText="( 예약 가능 시간 )  11:00 - 20:00"
      id="time"
      inputProps={
        Object {
          "step": 900,
        }
      }
      label="시간"
      margin="normal"
      onChange={[Function]}
      required={true}
      select={false}
      type="time"
      variant="standard"
    />
  </div>
  <div
    className="mt3"
  >
    <WithStyles(Button)
      className="btn-submit undefined"
      color="secondary"
      onClick={[Function]}
      variant="contained"
    >
      예약완료
    </WithStyles(Button)>
    <WithStyles(Button)
      className="btn-close undefined"
      color="secondary"
      onClick={[MockFunction]}
      variant="outlined"
    >
      닫기
    </WithStyles(Button)>
  </div>
</Fragment>
`;
