// Jest Snapshot v1, https://goo.gl/fbAQLP

exports[`<ReserveContainer /> renders correctly 1`] = `
<div
  id="reserve"
>
  <div
    className="tc white reserve-container"
  >
    <h3
      className="white f-en"
    >
      Reservation
    </h3>
    <p>
      기업체 각종 행사, 모임 단체 식사 주문받습니다.
    </p>
    <WithStyles(Buttons)
      classNameValue="bigButton"
      colorValue="secondary"
      handleClick={[Function]}
      name="예약하기"
      variantValue="contained"
    />
  </div>
</div>
`;
